alembic_0.6.5+ds-1~cloud2_all.deb
keystone_1%253a2014.2.2-0ubuntu1%7Ecloud0_all.deb
python-alembic_0.6.5+ds-1~cloud2_all.deb
python-amqp_1.4.5-1ubuntu1~cloud0_all.deb
python-backports.ssl-match-hostname_3.4.0.2-1_all.deb
python-ceilometerclient_1.0.10-0ubuntu1~cloud0_all.deb
python-cinderclient_1%253a1.1.0-0ubuntu1%7Ecloud0_all.deb
python-cliff_1.7.0-0ubuntu3~cloud0_all.deb
python-cliff-doc_1.7.0-0ubuntu3~cloud0_all.deb
python-django-horizon_1%253a2014.2.2-0ubuntu1%7Ecloud0_all.deb
python-django-pyscss_1.0.3-0ubuntu1~cloud0_all.deb
python-dogpile.cache_0.5.4-1ubuntu2~cloud0_all.deb
python-dogpile.core_0.4.1+dfsg1-2~cloud0_all.deb
python-ecdsa_0.11-1~cloud0_all.deb
python-eventlet_0.13.0-1ubuntu3.2~cloud0_all.deb
python-glanceclient_1%253a0.14.0-0ubuntu1%7Ecloud0_all.deb
python-heatclient_0.2.10-0ubuntu1~cloud0_all.deb
python-keystone_1%253a2014.2.2-0ubuntu1%7Ecloud0_all.deb
python-keystoneclient_1%253a0.10.1-0ubuntu1%7Ecloud0_all.deb
python-keystonemiddleware_1.0.0-1~cloud0_all.deb
python-ldappool_1.0-1ubuntu1~cloud0_all.deb
python-migrate_0.9.1-1ubuntu1~cloud2_all.deb
python-netaddr_0.7.12-1~cloud0_all.deb
python-neutronclient_1%253a2.3.8-0ubuntu1%7Ecloud0_all.deb
python-novaclient_1%253a2.19.0-0ubuntu1%7Ecloud0_all.deb
python-openstack-auth_1.1.7-1~cloud0_all.deb
python-oslo.config_1%253a1.4.0.0-0ubuntu1%7Ecloud0_all.deb
python-oslo.db_1.0.0-0ubuntu1~cloud0_all.deb
python-oslo.i18n_1.0.0-0ubuntu1~cloud0_all.deb
python-oslo.messaging_1.4.1-0ubuntu1~cloud0_all.deb
python-oslo.serialization_1.0.0-0ubuntu1~cloud0_all.deb
python-oslo.utils_1.0.0-0ubuntu1~cloud0_all.deb
python-paramiko_1.15.1-1~cloud0_all.deb
python-pbr_0.10.0-0ubuntu1~cloud0_all.deb
python-posix-ipc_0.9.8-2~cloud0_amd64.deb
python-pycadf_0.6.0-0ubuntu1~cloud0_all.deb
python-pyscss_1.2.1-0ubuntu2~cloud0_amd64.deb
python-saharaclient_0.7.3-1~cloud0_all.deb
python-six_1.7.3-2~cloud0_all.deb
python-sqlalchemy_0.9.7-1~cloud0_all.deb
python-sqlalchemy-ext_0.9.7-1~cloud0_amd64.deb
python-stevedore_1.0.0.0-0ubuntu1~cloud0_all.deb
python-swiftclient_1%253a2.3.0-0ubuntu1%7Ecloud0_all.deb
python-troveclient_1%253a1.0.5-0ubuntu2%7Ecloud0_all.deb
diamond_4.0_all.deb